// Jest Snapshot v1, https://goo.gl/fbAQLP

exports[`matches snapshot 1`] = `
<DocumentFragment>
  <div>
    <div>
      <form>
        <label
          for="nameForm"
        >
          Todo
        </label>
        <input
          id="nameForm"
          name="nameForm"
          type="text"
          value=""
        />
        <button>
          Add Todo
        </button>
      </form>
    </div>
    <ul />
  </div>
</DocumentFragment>
`;
